| rpc-proxy/src/routes/rpc.ts:40:32:40:45 | requireRpcAuth | This route handler performs $@, but is not rate-limited. | rpc-proxy/src/middleware/auth.ts:4:82:4:97 | verifyRpcToken() | authorization |
| rpc-proxy/src/routes/rpc.ts:40:48:40:77 | require ... :read') | This route handler performs $@, but is not rate-limited. | rpc-proxy/src/middleware/auth.ts:8:12:8:50 | authori ... , next) | authorization |
| rpc-proxy/src/routes/rpc.ts:40:48:40:77 | require ... :read') | This route handler performs $@, but is not rate-limited. | rpc-proxy/src/routeActionBindingV2.ts:32:9:32:54 | authori ...  bound) | authorization |
| rpc-proxy/src/routes/rpc.ts:44:59:44:72 | requireRpcAuth | This route handler performs $@, but is not rate-limited. | rpc-proxy/src/middleware/auth.ts:4:82:4:97 | verifyRpcToken() | authorization |
| rpc-proxy/src/routes/rpc.ts:44:75:44:106 | require ... :read') | This route handler performs $@, but is not rate-limited. | rpc-proxy/src/middleware/auth.ts:8:12:8:50 | authori ... , next) | authorization |
| rpc-proxy/src/routes/rpc.ts:44:75:44:106 | require ... :read') | This route handler performs $@, but is not rate-limited. | rpc-proxy/src/routeActionBindingV2.ts:32:9:32:54 | authori ...  bound) | authorization |
| rpc-proxy/src/routes/rpc.ts:44:109:44:131 | resolve ... eadHost | This route handler performs $@, but is not rate-limited. | rpc-proxy/src/routes/rpc.ts:12:92:12:112 | extract ... en(req) | authorization |
| rpc-proxy/src/routes/rpc.ts:48:58:48:71 | requireRpcAuth | This route handler performs $@, but is not rate-limited. | rpc-proxy/src/middleware/auth.ts:4:82:4:97 | verifyRpcToken() | authorization |
| rpc-proxy/src/routes/rpc.ts:48:103:48:125 | resolve ... eadHost | This route handler performs $@, but is not rate-limited. | rpc-proxy/src/routes/rpc.ts:12:92:12:112 | extract ... en(req) | authorization |
| rpc-proxy/src/routes/rpc.ts:60:47:60:60 | requireRpcAuth | This route handler performs $@, but is not rate-limited. | rpc-proxy/src/middleware/auth.ts:4:82:4:97 | verifyRpcToken() | authorization |
| rpc-proxy/src/routes/rpc.ts:60:63:60:92 | require ... :read') | This route handler performs $@, but is not rate-limited. | rpc-proxy/src/middleware/auth.ts:8:12:8:50 | authori ... , next) | authorization |
| rpc-proxy/src/routes/rpc.ts:60:63:60:92 | require ... :read') | This route handler performs $@, but is not rate-limited. | rpc-proxy/src/routeActionBindingV2.ts:32:9:32:54 | authori ...  bound) | authorization |
| rpc-proxy/src/routes/rpc.ts:60:95:60:117 | fakeRes ... actHost | This route handler performs $@, but is not rate-limited. | rpc-proxy/src/routes/rpc.ts:18:93:18:113 | extract ... en(req) | authorization |
| rpc-proxy/src/routes/rpc.ts:64:66:64:79 | requireRpcAuth | This route handler performs $@, but is not rate-limited. | rpc-proxy/src/middleware/auth.ts:4:82:4:97 | verifyRpcToken() | authorization |
| rpc-proxy/src/routes/rpc.ts:64:82:64:111 | require ... :read') | This route handler performs $@, but is not rate-limited. | rpc-proxy/src/middleware/auth.ts:8:12:8:50 | authori ... , next) | authorization |
| rpc-proxy/src/routes/rpc.ts:64:82:64:111 | require ... :read') | This route handler performs $@, but is not rate-limited. | rpc-proxy/src/routeActionBindingV2.ts:32:9:32:54 | authori ...  bound) | authorization |
| rpc-proxy/src/routes/rpc.ts:64:144:64:164 | wrongEn ... esolver | This route handler performs $@, but is not rate-limited. | rpc-proxy/src/routes/rpc.ts:24:63:24:83 | extract ... en(req) | authorization |
| rpc-proxy/src/routes/rpc.ts:68:47:68:60 | requireRpcAuth | This route handler performs $@, but is not rate-limited. | rpc-proxy/src/middleware/auth.ts:4:82:4:97 | verifyRpcToken() | authorization |
| rpc-proxy/src/routes/rpc.ts:68:63:68:92 | require ... :read') | This route handler performs $@, but is not rate-limited. | rpc-proxy/src/middleware/auth.ts:8:12:8:50 | authori ... , next) | authorization |
| rpc-proxy/src/routes/rpc.ts:68:63:68:92 | require ... :read') | This route handler performs $@, but is not rate-limited. | rpc-proxy/src/routeActionBindingV2.ts:32:9:32:54 | authori ...  bound) | authorization |
| rpc-proxy/src/routes/rpc.ts:68:95:68:118 | fallbac ... esolver | This route handler performs $@, but is not rate-limited. | rpc-proxy/src/routes/rpc.ts:31:95:31:115 | extract ... en(req) | authorization |
| rpc-proxy/src/routes/rpc.ts:68:95:68:118 | fallbac ... esolver | This route handler performs $@, but is not rate-limited. | rpc-proxy/src/routes/rpc.ts:33:65:33:85 | extract ... en(req) | authorization |
| rpc-proxy/src/routes/rpc.ts:72:66:72:79 | requireRpcAuth | This route handler performs $@, but is not rate-limited. | rpc-proxy/src/middleware/auth.ts:4:82:4:97 | verifyRpcToken() | authorization |
| rpc-proxy/src/routes/rpc.ts:72:82:72:111 | require ... :read') | This route handler performs $@, but is not rate-limited. | rpc-proxy/src/middleware/auth.ts:8:12:8:50 | authori ... , next) | authorization |
| rpc-proxy/src/routes/rpc.ts:72:82:72:111 | require ... :read') | This route handler performs $@, but is not rate-limited. | rpc-proxy/src/routeActionBindingV2.ts:32:9:32:54 | authori ...  bound) | authorization |
