| mcp-host/src/server.ts:23:7:23:91 | runtime ... ader']) | This route handler performs $@, but is not rate-limited. | mcp-host/src/server/edgeRuntimeAuth.ts:23:44:23:76 | rpcProx ... ed(req) | authorization |
| mcp-host/src/server.ts:24:7:25:75 | (req: a ... Deps()) | This route handler performs $@, but is not rate-limited. | mcp-host/src/server.ts:25:9:25:75 | handleP ... Deps()) | authorization |
| mcp-host/src/server.ts:24:7:25:75 | (req: a ... Deps()) | This route handler performs $@, but is not rate-limited. | mcp-host/src/server/routes.ts:31:5:31:72 | fs.writ ... ected') | a file system access |
| mcp-host/src/server.ts:24:7:25:75 | (req: a ... Deps()) | This route handler performs $@, but is not rate-limited. | mcp-host/src/server/routes.ts:35:3:35:61 | fs.writ ... ected') | a file system access |
| mcp-host/src/server.ts:29:7:29:91 | runtime ... ader']) | This route handler performs $@, but is not rate-limited. | mcp-host/src/server/edgeRuntimeAuth.ts:23:44:23:76 | rpcProx ... ed(req) | authorization |
| mcp-host/src/server.ts:30:7:31:78 | (req: a ... Deps()) | This route handler performs $@, but is not rate-limited. | mcp-host/src/server/routes.ts:45:3:45:69 | fs.writ ... ected') | a file system access |
| mcp-host/src/server.ts:35:7:35:42 | runtime ... ader']) | This route handler performs $@, but is not rate-limited. | mcp-host/src/server/edgeRuntimeAuth.ts:23:44:23:76 | rpcProx ... ed(req) | authorization |
| mcp-host/src/server.ts:36:7:36:82 | (req: a ... Deps()) | This route handler performs $@, but is not rate-limited. | mcp-host/src/server/routes.ts:54:3:54:68 | fs.writ ... ected') | a file system access |
| mcp-host/src/server.ts:42:7:42:42 | runtime ... ader']) | This route handler performs $@, but is not rate-limited. | mcp-host/src/server/edgeRuntimeAuth.ts:23:44:23:76 | rpcProx ... ed(req) | authorization |
| mcp-host/src/server.ts:46:7:49:7 | (_req:  ...       } | This route handler performs $@, but is not rate-limited. | mcp-host/src/server.ts:47:9:47:77 | fs.writ ... ected') | a file system access |
| mcp-host/src/server.ts:54:7:54:42 | runtime ... ader']) | This route handler performs $@, but is not rate-limited. | mcp-host/src/server/edgeRuntimeAuth.ts:23:44:23:76 | rpcProx ... ed(req) | authorization |
| mcp-host/src/server.ts:55:7:56:75 | (req: a ... Deps()) | This route handler performs $@, but is not rate-limited. | mcp-host/src/server.ts:56:9:56:75 | handleP ... Deps()) | authorization |
| mcp-host/src/server.ts:55:7:56:75 | (req: a ... Deps()) | This route handler performs $@, but is not rate-limited. | mcp-host/src/server/routes.ts:31:5:31:72 | fs.writ ... ected') | a file system access |
| mcp-host/src/server.ts:55:7:56:75 | (req: a ... Deps()) | This route handler performs $@, but is not rate-limited. | mcp-host/src/server/routes.ts:35:3:35:61 | fs.writ ... ected') | a file system access |
| rpc-proxy/src/routes/desktopProxy.ts:26:3:26:16 | requireRpcAuth | This route handler performs $@, but is not rate-limited. | rpc-proxy/src/middleware/auth.ts:4:3:4:44 | jwt.ver ... e-key') | authorization |
| rpc-proxy/src/routes/desktopProxy.ts:29:3:29:63 | async ( ... , true) | This route handler performs $@, but is not rate-limited. | rpc-proxy/src/routes/desktopProxy.ts:16:56:16:76 | extract ... en(req) | authorization |
| rpc-proxy/src/routes/desktopProxy.ts:29:3:29:63 | async ( ... , true) | This route handler performs $@, but is not rate-limited. | rpc-proxy/src/routes/desktopProxy.ts:20:3:20:69 | fs.writ ... ected') | a file system access |
| rpc-proxy/src/routes/sandboxUi.ts:12:3:12:16 | requireRpcAuth | This route handler performs $@, but is not rate-limited. | rpc-proxy/src/middleware/auth.ts:4:3:4:44 | jwt.ver ... e-key') | authorization |
| rpc-proxy/src/routes/sandboxUi.ts:15:3:27:3 | async ( ... d()\\n  } | This route handler performs $@, but is not rate-limited. | rpc-proxy/src/routes/sandboxUi.ts:19:56:19:76 | extract ... en(req) | authorization |
| rpc-proxy/src/routes/sandboxUi.ts:15:3:27:3 | async ( ... d()\\n  } | This route handler performs $@, but is not rate-limited. | rpc-proxy/src/routes/sandboxUi.ts:22:56:22:76 | extract ... en(req) | authorization |
| rpc-proxy/src/routes/sandboxUi.ts:15:3:27:3 | async ( ... d()\\n  } | This route handler performs $@, but is not rate-limited. | rpc-proxy/src/routes/sandboxUi.ts:24:5:24:71 | fs.writ ... ected') | a file system access |
| rpc-proxy/src/routes/sandboxUi.ts:34:3:34:16 | requireRpcAuth | This route handler performs $@, but is not rate-limited. | rpc-proxy/src/middleware/auth.ts:4:3:4:44 | jwt.ver ... e-key') | authorization |
| rpc-proxy/src/routes/sandboxUi.ts:36:3:45:3 | async ( ... d()\\n  } | This route handler performs $@, but is not rate-limited. | rpc-proxy/src/routes/sandboxUi.ts:40:56:40:76 | extract ... en(req) | authorization |
| rpc-proxy/src/routes/sandboxUi.ts:36:3:45:3 | async ( ... d()\\n  } | This route handler performs $@, but is not rate-limited. | rpc-proxy/src/routes/sandboxUi.ts:43:5:43:70 | fs.writ ... ected') | a file system access |
