| control-api/src/routes/rpc-access/users.ts:11:3:11:51 | require ... read']) | This route handler performs $@, but is not rate-limited. | control-api/src/middleware/rpcAccessAuth.ts:5:5:5:46 | jwt.ver ... e-key') | authorization |
| control-api/src/routes/rpc-access/users.ts:12:3:17:3 | async ( ...  })\\n  } | This route handler performs $@, but is not rate-limited. | control-api/src/routes/rpc-access/users.ts:14:5:14:57 | fs.read ... adata') | a file system access |
| mcp-host/src/server.ts:9:67:12:1 | (_req,  ... es })\\n} | This route handler performs $@, but is not rate-limited. | mcp-host/src/server.ts:10:17:10:46 | fs.read ... tDir()) | a file system access |
| mcp-host/src/server.ts:15:86:18:1 | (req, r ... file)\\n} | This route handler performs $@, but is not rate-limited. | mcp-host/src/server.ts:16:16:16:74 | fs.read ... name}`) | a file system access |
| rpc-proxy/src/routes/rpc.ts:20:3:20:16 | requireRpcAuth | This route handler performs $@, but is not rate-limited. | rpc-proxy/src/middleware/auth.ts:4:3:4:44 | jwt.ver ... e-key') | authorization |
| rpc-proxy/src/routes/rpc.ts:22:3:26:3 | async ( ... ())\\n  } | This route handler performs $@, but is not rate-limited. | rpc-proxy/src/routes/rpc.ts:24:5:24:47 | fs.read ... ifact') | a file system access |
| rpc-proxy/src/routes/rpc.ts:30:49:30:62 | requireRpcAuth | This route handler performs $@, but is not rate-limited. | rpc-proxy/src/middleware/auth.ts:4:3:4:44 | jwt.ver ... e-key') | authorization |
| rpc-proxy/src/routes/rpc.ts:30:65:34:1 | async ( ... xt())\\n} | This route handler performs $@, but is not rate-limited. | rpc-proxy/src/routes/rpc.ts:32:3:32:45 | fs.read ... ifact') | a file system access |
| rpc-proxy/src/routes/rpc.ts:39:3:39:16 | requireRpcAuth | This route handler performs $@, but is not rate-limited. | rpc-proxy/src/middleware/auth.ts:4:3:4:44 | jwt.ver ... e-key') | authorization |
| rpc-proxy/src/routes/rpc.ts:40:3:44:3 | async ( ... d()\\n  } | This route handler performs $@, but is not rate-limited. | rpc-proxy/src/routes/rpc.ts:41:5:41:50 | fs.read ... name}`) | a file system access |
