edges
| mcp-host/src/runtime/pr2ReadinessReporter.ts:3:7:3:25 | persistedCredential | mcp-host/src/runtime/pr2ReadinessReporter.ts:19:34:19:52 | persistedCredential | provenance |  |
| mcp-host/src/runtime/pr2ReadinessReporter.ts:3:29:6:1 | fs.read ... f-8",\\n) | mcp-host/src/runtime/pr2ReadinessReporter.ts:3:7:3:25 | persistedCredential | provenance |  |
| mcp-host/src/runtime/pr2ReadinessReporter.ts:19:24:19:54 | `Bearer ... ntial}` | mcp-host/src/runtime/pr2ReadinessReporter.ts:18:16:21:7 | {\\n      ...       } | provenance |  |
| mcp-host/src/runtime/pr2ReadinessReporter.ts:19:34:19:52 | persistedCredential | mcp-host/src/runtime/pr2ReadinessReporter.ts:19:24:19:54 | `Bearer ... ntial}` | provenance |  |
nodes
| mcp-host/src/runtime/pr2ReadinessReporter.ts:3:7:3:25 | persistedCredential | semmle.label | persistedCredential |
| mcp-host/src/runtime/pr2ReadinessReporter.ts:3:29:6:1 | fs.read ... f-8",\\n) | semmle.label | fs.read ... f-8",\\n) |
| mcp-host/src/runtime/pr2ReadinessReporter.ts:18:16:21:7 | {\\n      ...       } | semmle.label | {\\n      ...       } |
| mcp-host/src/runtime/pr2ReadinessReporter.ts:19:24:19:54 | `Bearer ... ntial}` | semmle.label | `Bearer ... ntial}` |
| mcp-host/src/runtime/pr2ReadinessReporter.ts:19:34:19:52 | persistedCredential | semmle.label | persistedCredential |
subpaths
#select
| mcp-host/src/runtime/pr2ReadinessReporter.ts:18:16:21:7 | {\\n      ...       } | mcp-host/src/runtime/pr2ReadinessReporter.ts:3:29:6:1 | fs.read ... f-8",\\n) | mcp-host/src/runtime/pr2ReadinessReporter.ts:18:16:21:7 | {\\n      ...       } | Outbound network request depends on $@. | mcp-host/src/runtime/pr2ReadinessReporter.ts:3:29:6:1 | fs.read ... f-8",\\n) | file data |
