edges
| control-api/src/routes/external/auth.ts:18:9:18:13 | email | control-api/src/routes/external/auth.ts:20:8:20:12 | email | provenance |  |
| control-api/src/routes/external/auth.ts:18:17:18:45 | String( ...  \|\| '') | control-api/src/routes/external/auth.ts:18:17:18:52 | String( ... .trim() | provenance |  |
| control-api/src/routes/external/auth.ts:18:17:18:52 | String( ... .trim() | control-api/src/routes/external/auth.ts:18:9:18:13 | email | provenance |  |
| control-api/src/routes/external/auth.ts:18:24:18:31 | req.body | control-api/src/routes/external/auth.ts:18:17:18:45 | String( ...  \|\| '') | provenance |  |
| control-api/src/routes/external/auth.ts:19:9:19:16 | password | control-api/src/routes/external/auth.ts:20:18:20:25 | password | provenance |  |
| control-api/src/routes/external/auth.ts:19:20:19:51 | String( ...  \|\| '') | control-api/src/routes/external/auth.ts:19:9:19:16 | password | provenance |  |
| control-api/src/routes/external/auth.ts:19:27:19:34 | req.body | control-api/src/routes/external/auth.ts:19:20:19:51 | String( ...  \|\| '') | provenance |  |
| control-api/src/routes/external/auth.ts:26:9:26:13 | token | control-api/src/routes/external/auth.ts:27:8:27:12 | token | provenance |  |
| control-api/src/routes/external/auth.ts:26:9:26:13 | token | control-api/src/routes/external/auth.ts:27:17:27:21 | token | provenance |  |
| control-api/src/routes/external/auth.ts:26:17:26:45 | String( ...  \|\| '') | control-api/src/routes/external/auth.ts:26:17:26:52 | String( ... .trim() | provenance |  |
| control-api/src/routes/external/auth.ts:26:17:26:52 | String( ... .trim() | control-api/src/routes/external/auth.ts:26:9:26:13 | token | provenance |  |
| control-api/src/routes/external/auth.ts:26:24:26:31 | req.body | control-api/src/routes/external/auth.ts:26:17:26:45 | String( ...  \|\| '') | provenance |  |
| control-api/src/routes/external/auth.ts:27:17:27:21 | token | control-api/src/routes/external/auth.ts:27:17:27:28 | token.length | provenance |  |
| control-api/src/routes/external/auth.ts:27:17:27:21 | token | control-api/src/routes/external/auth.ts:27:17:27:28 | token.length | provenance |  |
| control-api/src/routes/external/auth.ts:27:17:27:28 | token.length | control-api/src/routes/external/auth.ts:27:17:27:35 | token.length > 4096 | provenance | Config |
| control-api/src/routes/external/auth.ts:36:9:36:13 | token | control-api/src/routes/external/auth.ts:37:8:37:12 | token | provenance |  |
| control-api/src/routes/external/auth.ts:36:17:36:45 | String( ...  \|\| '') | control-api/src/routes/external/auth.ts:36:9:36:13 | token | provenance |  |
| control-api/src/routes/external/auth.ts:36:24:36:31 | req.body | control-api/src/routes/external/auth.ts:36:17:36:45 | String( ...  \|\| '') | provenance |  |
| control-api/src/routes/external/auth.ts:50:11:50:15 | email | control-api/src/routes/external/auth.ts:52:10:52:14 | email | provenance |  |
| control-api/src/routes/external/auth.ts:50:19:50:47 | String( ...  \|\| '') | control-api/src/routes/external/auth.ts:50:19:50:54 | String( ... .trim() | provenance |  |
| control-api/src/routes/external/auth.ts:50:19:50:54 | String( ... .trim() | control-api/src/routes/external/auth.ts:50:11:50:15 | email | provenance |  |
| control-api/src/routes/external/auth.ts:50:26:50:33 | req.body | control-api/src/routes/external/auth.ts:50:19:50:47 | String( ...  \|\| '') | provenance |  |
| control-api/src/routes/external/auth.ts:51:11:51:18 | password | control-api/src/routes/external/auth.ts:52:20:52:27 | password | provenance |  |
| control-api/src/routes/external/auth.ts:51:22:51:53 | String( ...  \|\| '') | control-api/src/routes/external/auth.ts:51:11:51:18 | password | provenance |  |
| control-api/src/routes/external/auth.ts:51:29:51:36 | req.body | control-api/src/routes/external/auth.ts:51:22:51:53 | String( ...  \|\| '') | provenance |  |
| control-api/src/routes/external/auth.ts:64:11:64:15 | token | control-api/src/routes/external/auth.ts:65:10:65:14 | token | provenance |  |
| control-api/src/routes/external/auth.ts:64:11:64:15 | token | control-api/src/routes/external/auth.ts:65:19:65:23 | token | provenance |  |
| control-api/src/routes/external/auth.ts:64:19:64:47 | String( ...  \|\| '') | control-api/src/routes/external/auth.ts:64:19:64:54 | String( ... .trim() | provenance |  |
| control-api/src/routes/external/auth.ts:64:19:64:54 | String( ... .trim() | control-api/src/routes/external/auth.ts:64:11:64:15 | token | provenance |  |
| control-api/src/routes/external/auth.ts:64:26:64:33 | req.body | control-api/src/routes/external/auth.ts:64:19:64:47 | String( ...  \|\| '') | provenance |  |
| control-api/src/routes/external/auth.ts:65:19:65:23 | token | control-api/src/routes/external/auth.ts:65:19:65:30 | token.length | provenance |  |
| control-api/src/routes/external/auth.ts:65:19:65:23 | token | control-api/src/routes/external/auth.ts:65:19:65:30 | token.length | provenance |  |
| control-api/src/routes/external/auth.ts:65:19:65:30 | token.length | control-api/src/routes/external/auth.ts:65:19:65:37 | token.length > 4096 | provenance | Config |
| control-api/src/routes/external/auth.ts:77:9:77:13 | token | control-api/src/routes/external/auth.ts:78:8:78:12 | token | provenance |  |
| control-api/src/routes/external/auth.ts:77:17:77:45 | String( ...  \|\| '') | control-api/src/routes/external/auth.ts:77:9:77:13 | token | provenance |  |
| control-api/src/routes/external/auth.ts:77:24:77:31 | req.body | control-api/src/routes/external/auth.ts:77:17:77:45 | String( ...  \|\| '') | provenance |  |
| control-api/src/routes/external/auth.ts:84:9:84:16 | password | control-api/src/routes/external/auth.ts:85:8:85:15 | password | provenance |  |
| control-api/src/routes/external/auth.ts:84:20:84:51 | String( ...  \|\| '') | control-api/src/routes/external/auth.ts:84:9:84:16 | password | provenance |  |
| control-api/src/routes/external/auth.ts:84:27:84:34 | req.body | control-api/src/routes/external/auth.ts:84:20:84:51 | String( ...  \|\| '') | provenance |  |
| control-api/src/routes/external/auth.ts:91:9:91:13 | token | control-api/src/routes/external/auth.ts:92:7:92:11 | token | provenance |  |
| control-api/src/routes/external/auth.ts:91:17:91:45 | String( ...  \|\| '') | control-api/src/routes/external/auth.ts:91:9:91:13 | token | provenance |  |
| control-api/src/routes/external/auth.ts:91:24:91:31 | req.body | control-api/src/routes/external/auth.ts:91:17:91:45 | String( ...  \|\| '') | provenance |  |
| control-api/src/routes/external/auth.ts:101:9:101:13 | token | control-api/src/routes/external/auth.ts:102:8:102:12 | token | provenance |  |
| control-api/src/routes/external/auth.ts:101:17:101:45 | String( ...  \|\| '') | control-api/src/routes/external/auth.ts:101:9:101:13 | token | provenance |  |
| control-api/src/routes/external/auth.ts:101:24:101:31 | req.body | control-api/src/routes/external/auth.ts:101:17:101:45 | String( ...  \|\| '') | provenance |  |
| control-api/src/routes/external/auth.ts:111:9:111:13 | token | control-api/src/routes/external/auth.ts:112:8:112:12 | token | provenance |  |
| control-api/src/routes/external/auth.ts:111:17:111:45 | String( ...  \|\| '') | control-api/src/routes/external/auth.ts:111:9:111:13 | token | provenance |  |
| control-api/src/routes/external/auth.ts:111:24:111:31 | req.body | control-api/src/routes/external/auth.ts:111:17:111:45 | String( ...  \|\| '') | provenance |  |
| control-api/src/routes/external/auth.ts:128:9:128:13 | token | control-api/src/routes/external/auth.ts:130:8:130:12 | token | provenance |  |
| control-api/src/routes/external/auth.ts:128:17:128:45 | String( ...  \|\| '') | control-api/src/routes/external/auth.ts:128:9:128:13 | token | provenance |  |
| control-api/src/routes/external/auth.ts:128:24:128:31 | req.body | control-api/src/routes/external/auth.ts:128:17:128:45 | String( ...  \|\| '') | provenance |  |
| control-api/src/routes/external/auth.ts:136:9:136:13 | token | control-api/src/routes/external/auth.ts:137:8:137:12 | token | provenance |  |
| control-api/src/routes/external/auth.ts:136:17:136:45 | String( ...  \|\| '') | control-api/src/routes/external/auth.ts:136:9:136:13 | token | provenance |  |
| control-api/src/routes/external/auth.ts:136:24:136:31 | req.body | control-api/src/routes/external/auth.ts:136:17:136:45 | String( ...  \|\| '') | provenance |  |
| control-api/src/routes/external/auth.ts:146:9:146:13 | token | control-api/src/routes/external/auth.ts:147:8:147:12 | token | provenance |  |
| control-api/src/routes/external/auth.ts:146:17:146:45 | String( ...  \|\| '') | control-api/src/routes/external/auth.ts:146:9:146:13 | token | provenance |  |
| control-api/src/routes/external/auth.ts:146:24:146:31 | req.body | control-api/src/routes/external/auth.ts:146:17:146:45 | String( ...  \|\| '') | provenance |  |
| control-api/src/routes/external/auth.ts:153:9:153:13 | token | control-api/src/routes/external/auth.ts:154:8:154:12 | token | provenance |  |
| control-api/src/routes/external/auth.ts:153:17:153:45 | String( ...  \|\| '') | control-api/src/routes/external/auth.ts:153:9:153:13 | token | provenance |  |
| control-api/src/routes/external/auth.ts:153:24:153:31 | req.body | control-api/src/routes/external/auth.ts:153:17:153:45 | String( ...  \|\| '') | provenance |  |
nodes
| control-api/src/routes/external/auth.ts:18:9:18:13 | email | semmle.label | email |
| control-api/src/routes/external/auth.ts:18:17:18:45 | String( ...  \|\| '') | semmle.label | String( ...  \|\| '') |
| control-api/src/routes/external/auth.ts:18:17:18:52 | String( ... .trim() | semmle.label | String( ... .trim() |
| control-api/src/routes/external/auth.ts:18:24:18:31 | req.body | semmle.label | req.body |
| control-api/src/routes/external/auth.ts:19:9:19:16 | password | semmle.label | password |
| control-api/src/routes/external/auth.ts:19:20:19:51 | String( ...  \|\| '') | semmle.label | String( ...  \|\| '') |
| control-api/src/routes/external/auth.ts:19:27:19:34 | req.body | semmle.label | req.body |
| control-api/src/routes/external/auth.ts:20:8:20:12 | email | semmle.label | email |
| control-api/src/routes/external/auth.ts:20:18:20:25 | password | semmle.label | password |
| control-api/src/routes/external/auth.ts:26:9:26:13 | token | semmle.label | token |
| control-api/src/routes/external/auth.ts:26:17:26:45 | String( ...  \|\| '') | semmle.label | String( ...  \|\| '') |
| control-api/src/routes/external/auth.ts:26:17:26:52 | String( ... .trim() | semmle.label | String( ... .trim() |
| control-api/src/routes/external/auth.ts:26:24:26:31 | req.body | semmle.label | req.body |
| control-api/src/routes/external/auth.ts:27:8:27:12 | token | semmle.label | token |
| control-api/src/routes/external/auth.ts:27:17:27:21 | token | semmle.label | token |
| control-api/src/routes/external/auth.ts:27:17:27:28 | token.length | semmle.label | token.length |
| control-api/src/routes/external/auth.ts:27:17:27:28 | token.length | semmle.label | token.length |
| control-api/src/routes/external/auth.ts:27:17:27:35 | token.length > 4096 | semmle.label | token.length > 4096 |
| control-api/src/routes/external/auth.ts:36:9:36:13 | token | semmle.label | token |
| control-api/src/routes/external/auth.ts:36:17:36:45 | String( ...  \|\| '') | semmle.label | String( ...  \|\| '') |
| control-api/src/routes/external/auth.ts:36:24:36:31 | req.body | semmle.label | req.body |
| control-api/src/routes/external/auth.ts:37:8:37:12 | token | semmle.label | token |
| control-api/src/routes/external/auth.ts:50:11:50:15 | email | semmle.label | email |
| control-api/src/routes/external/auth.ts:50:19:50:47 | String( ...  \|\| '') | semmle.label | String( ...  \|\| '') |
| control-api/src/routes/external/auth.ts:50:19:50:54 | String( ... .trim() | semmle.label | String( ... .trim() |
| control-api/src/routes/external/auth.ts:50:26:50:33 | req.body | semmle.label | req.body |
| control-api/src/routes/external/auth.ts:51:11:51:18 | password | semmle.label | password |
| control-api/src/routes/external/auth.ts:51:22:51:53 | String( ...  \|\| '') | semmle.label | String( ...  \|\| '') |
| control-api/src/routes/external/auth.ts:51:29:51:36 | req.body | semmle.label | req.body |
| control-api/src/routes/external/auth.ts:52:10:52:14 | email | semmle.label | email |
| control-api/src/routes/external/auth.ts:52:20:52:27 | password | semmle.label | password |
| control-api/src/routes/external/auth.ts:64:11:64:15 | token | semmle.label | token |
| control-api/src/routes/external/auth.ts:64:19:64:47 | String( ...  \|\| '') | semmle.label | String( ...  \|\| '') |
| control-api/src/routes/external/auth.ts:64:19:64:54 | String( ... .trim() | semmle.label | String( ... .trim() |
| control-api/src/routes/external/auth.ts:64:26:64:33 | req.body | semmle.label | req.body |
| control-api/src/routes/external/auth.ts:65:10:65:14 | token | semmle.label | token |
| control-api/src/routes/external/auth.ts:65:19:65:23 | token | semmle.label | token |
| control-api/src/routes/external/auth.ts:65:19:65:30 | token.length | semmle.label | token.length |
| control-api/src/routes/external/auth.ts:65:19:65:30 | token.length | semmle.label | token.length |
| control-api/src/routes/external/auth.ts:65:19:65:37 | token.length > 4096 | semmle.label | token.length > 4096 |
| control-api/src/routes/external/auth.ts:77:9:77:13 | token | semmle.label | token |
| control-api/src/routes/external/auth.ts:77:17:77:45 | String( ...  \|\| '') | semmle.label | String( ...  \|\| '') |
| control-api/src/routes/external/auth.ts:77:24:77:31 | req.body | semmle.label | req.body |
| control-api/src/routes/external/auth.ts:78:8:78:12 | token | semmle.label | token |
| control-api/src/routes/external/auth.ts:84:9:84:16 | password | semmle.label | password |
| control-api/src/routes/external/auth.ts:84:20:84:51 | String( ...  \|\| '') | semmle.label | String( ...  \|\| '') |
| control-api/src/routes/external/auth.ts:84:27:84:34 | req.body | semmle.label | req.body |
| control-api/src/routes/external/auth.ts:85:8:85:15 | password | semmle.label | password |
| control-api/src/routes/external/auth.ts:91:9:91:13 | token | semmle.label | token |
| control-api/src/routes/external/auth.ts:91:17:91:45 | String( ...  \|\| '') | semmle.label | String( ...  \|\| '') |
| control-api/src/routes/external/auth.ts:91:24:91:31 | req.body | semmle.label | req.body |
| control-api/src/routes/external/auth.ts:92:7:92:11 | token | semmle.label | token |
| control-api/src/routes/external/auth.ts:101:9:101:13 | token | semmle.label | token |
| control-api/src/routes/external/auth.ts:101:17:101:45 | String( ...  \|\| '') | semmle.label | String( ...  \|\| '') |
| control-api/src/routes/external/auth.ts:101:24:101:31 | req.body | semmle.label | req.body |
| control-api/src/routes/external/auth.ts:102:8:102:12 | token | semmle.label | token |
| control-api/src/routes/external/auth.ts:111:9:111:13 | token | semmle.label | token |
| control-api/src/routes/external/auth.ts:111:17:111:45 | String( ...  \|\| '') | semmle.label | String( ...  \|\| '') |
| control-api/src/routes/external/auth.ts:111:24:111:31 | req.body | semmle.label | req.body |
| control-api/src/routes/external/auth.ts:112:8:112:12 | token | semmle.label | token |
| control-api/src/routes/external/auth.ts:128:9:128:13 | token | semmle.label | token |
| control-api/src/routes/external/auth.ts:128:17:128:45 | String( ...  \|\| '') | semmle.label | String( ...  \|\| '') |
| control-api/src/routes/external/auth.ts:128:24:128:31 | req.body | semmle.label | req.body |
| control-api/src/routes/external/auth.ts:130:8:130:12 | token | semmle.label | token |
| control-api/src/routes/external/auth.ts:136:9:136:13 | token | semmle.label | token |
| control-api/src/routes/external/auth.ts:136:17:136:45 | String( ...  \|\| '') | semmle.label | String( ...  \|\| '') |
| control-api/src/routes/external/auth.ts:136:24:136:31 | req.body | semmle.label | req.body |
| control-api/src/routes/external/auth.ts:137:8:137:12 | token | semmle.label | token |
| control-api/src/routes/external/auth.ts:146:9:146:13 | token | semmle.label | token |
| control-api/src/routes/external/auth.ts:146:17:146:45 | String( ...  \|\| '') | semmle.label | String( ...  \|\| '') |
| control-api/src/routes/external/auth.ts:146:24:146:31 | req.body | semmle.label | req.body |
| control-api/src/routes/external/auth.ts:147:8:147:12 | token | semmle.label | token |
| control-api/src/routes/external/auth.ts:153:9:153:13 | token | semmle.label | token |
| control-api/src/routes/external/auth.ts:153:17:153:45 | String( ...  \|\| '') | semmle.label | String( ...  \|\| '') |
| control-api/src/routes/external/auth.ts:153:24:153:31 | req.body | semmle.label | req.body |
| control-api/src/routes/external/auth.ts:154:8:154:12 | token | semmle.label | token |
subpaths
#select
| control-api/src/routes/external/auth.ts:78:8:78:12 | token | control-api/src/routes/external/auth.ts:77:24:77:31 | req.body | control-api/src/routes/external/auth.ts:78:8:78:12 | token | This condition guards a sensitive $@, but a $@ controls it. | control-api/src/routes/external/auth.ts:79:3:79:40 | authent ... (token) | action | control-api/src/routes/external/auth.ts:77:24:77:31 | req.body | user-provided value |
| control-api/src/routes/external/auth.ts:85:8:85:15 | password | control-api/src/routes/external/auth.ts:84:27:84:34 | req.body | control-api/src/routes/external/auth.ts:85:8:85:15 | password | This condition guards a sensitive $@, but a $@ controls it. | control-api/src/routes/external/auth.ts:86:3:86:68 | authent ... ssword) | action | control-api/src/routes/external/auth.ts:84:27:84:34 | req.body | user-provided value |
| control-api/src/routes/external/auth.ts:92:7:92:11 | token | control-api/src/routes/external/auth.ts:91:24:91:31 | req.body | control-api/src/routes/external/auth.ts:92:7:92:11 | token | This condition guards a sensitive $@, but a $@ controls it. | control-api/src/routes/external/auth.ts:93:5:93:42 | authent ... (token) | action | control-api/src/routes/external/auth.ts:91:24:91:31 | req.body | user-provided value |
| control-api/src/routes/external/auth.ts:102:8:102:12 | token | control-api/src/routes/external/auth.ts:101:24:101:31 | req.body | control-api/src/routes/external/auth.ts:102:8:102:12 | token | This condition guards a sensitive $@, but a $@ controls it. | control-api/src/routes/external/auth.ts:106:3:106:40 | authent ... (token) | action | control-api/src/routes/external/auth.ts:101:24:101:31 | req.body | user-provided value |
| control-api/src/routes/external/auth.ts:112:8:112:12 | token | control-api/src/routes/external/auth.ts:111:24:111:31 | req.body | control-api/src/routes/external/auth.ts:112:8:112:12 | token | This condition guards a sensitive $@, but a $@ controls it. | control-api/src/routes/external/auth.ts:115:3:115:40 | authent ... (token) | action | control-api/src/routes/external/auth.ts:111:24:111:31 | req.body | user-provided value |
| control-api/src/routes/external/auth.ts:130:8:130:12 | token | control-api/src/routes/external/auth.ts:128:24:128:31 | req.body | control-api/src/routes/external/auth.ts:130:8:130:12 | token | This condition guards a sensitive $@, but a $@ controls it. | control-api/src/routes/external/auth.ts:131:3:131:40 | authent ... (token) | action | control-api/src/routes/external/auth.ts:128:24:128:31 | req.body | user-provided value |
| control-api/src/routes/external/auth.ts:147:8:147:12 | token | control-api/src/routes/external/auth.ts:146:24:146:31 | req.body | control-api/src/routes/external/auth.ts:147:8:147:12 | token | This condition guards a sensitive $@, but a $@ controls it. | control-api/src/routes/external/auth.ts:148:3:148:40 | authent ... (token) | action | control-api/src/routes/external/auth.ts:146:24:146:31 | req.body | user-provided value |
