| control-api/src/routes/external/composition.ts:19:3:19:66 | require ... ted" }) | This route handler performs $@, but is not rate-limited. | control-api/src/middleware/externalSessionAuth.ts:25:5:25:11 | login() | authorization |
| control-api/src/routes/external/composition.ts:35:39:35:70 | require ... onToken | This route handler performs $@, but is not rate-limited. | control-api/src/middleware/externalSessionAuth.ts:10:3:10:9 | login() | authorization |
| control-api/src/routes/external/composition.ts:60:3:60:50 | require ... cErrors | This route handler performs $@, but is not rate-limited. | control-api/src/middleware/externalSessionAuth.ts:19:3:19:9 | login() | authorization |
| control-api/src/routes/external/composition.ts:67:55:67:75 | incompl ... otected | This route handler performs $@, but is not rate-limited. | control-api/src/routes/external/composition.ts:53:3:53:74 | fs.writ ... value") | a file system access |
| control-api/src/routes/external/composition.ts:75:29:75:60 | require ... onToken | This route handler performs $@, but is not rate-limited. | control-api/src/middleware/externalSessionAuth.ts:10:3:10:9 | login() | authorization |
| control-api/src/routes/external/composition.ts:88:38:88:69 | require ... onToken | This route handler performs $@, but is not rate-limited. | control-api/src/middleware/externalSessionAuth.ts:10:3:10:9 | login() | authorization |
| control-api/src/routes/external/composition.ts:89:38:89:51 | lateGlobalWork | This route handler performs $@, but is not rate-limited. | control-api/src/routes/external/composition.ts:83:3:83:63 | fs.writ ... value") | a file system access |
| control-api/src/routes/external/composition.ts:105:3:105:31 | require ... amMatch | This route handler performs $@, but is not rate-limited. | control-api/src/middleware/externalSessionAuth.ts:35:3:35:62 | fs.writ ... value") | a file system access |
| control-api/src/routes/external/composition.ts:116:39:116:70 | require ... onToken | This route handler performs $@, but is not rate-limited. | control-api/src/middleware/externalSessionAuth.ts:10:3:10:9 | login() | authorization |
| control-api/src/routes/external/composition.ts:131:3:131:34 | require ... onToken | This route handler performs $@, but is not rate-limited. | control-api/src/middleware/externalSessionAuth.ts:10:3:10:9 | login() | authorization |
| control-api/src/routes/external/composition.ts:132:3:132:19 | lateSameRouteWork | This route handler performs $@, but is not rate-limited. | control-api/src/routes/external/composition.ts:124:3:124:67 | fs.writ ... value") | a file system access |
| control-api/src/routes/external/composition.ts:142:36:142:67 | require ... onToken | This route handler performs $@, but is not rate-limited. | control-api/src/middleware/externalSessionAuth.ts:10:3:10:9 | login() | authorization |
| control-api/src/routes/external/composition.ts:145:3:145:15 | lateChildWork | This route handler performs $@, but is not rate-limited. | control-api/src/routes/external/composition.ts:137:3:137:62 | fs.writ ... value") | a file system access |
| control-api/src/routes/external/composition.ts:165:39:165:59 | nestedU ... tedWork | This route handler performs $@, but is not rate-limited. | control-api/src/routes/external/composition.ts:155:3:155:70 | fs.writ ... value") | a file system access |
| control-api/src/routes/external/composition.ts:168:42:168:73 | require ... onToken | This route handler performs $@, but is not rate-limited. | control-api/src/middleware/externalSessionAuth.ts:10:3:10:9 | login() | authorization |
| control-api/src/routes/external/composition.ts:172:35:172:66 | require ... onToken | This route handler performs $@, but is not rate-limited. | control-api/src/middleware/externalSessionAuth.ts:10:3:10:9 | login() | authorization |
| control-api/src/routes/external/d33.ts:29:3:29:55 | require ... cErrors | This route handler performs $@, but is not rate-limited. | control-api/src/middleware/externalSessionAuth.ts:44:3:44:9 | login() | authorization |
| control-api/src/routes/external/d33.ts:30:3:30:44 | require ... cErrors | This route handler performs $@, but is not rate-limited. | control-api/src/middleware/externalSessionAuth.ts:53:3:53:9 | login() | authorization |
| control-api/src/routes/external/d33.ts:31:3:31:15 | protectedWork | This route handler performs $@, but is not rate-limited. | control-api/src/routes/external/d33.ts:13:3:13:55 | fs.writ ... value") | a file system access |
| control-api/src/routes/external/d33.ts:38:3:38:55 | require ... cErrors | This route handler performs $@, but is not rate-limited. | control-api/src/middleware/externalSessionAuth.ts:44:3:44:9 | login() | authorization |
| control-api/src/routes/external/d33.ts:39:3:39:15 | protectedWork | This route handler performs $@, but is not rate-limited. | control-api/src/routes/external/d33.ts:13:3:13:55 | fs.writ ... value") | a file system access |
| control-api/src/routes/external/d33.ts:45:3:45:55 | require ... cErrors | This route handler performs $@, but is not rate-limited. | control-api/src/middleware/externalSessionAuth.ts:44:3:44:9 | login() | authorization |
| control-api/src/routes/external/d33.ts:46:3:46:15 | protectedWork | This route handler performs $@, but is not rate-limited. | control-api/src/routes/external/d33.ts:13:3:13:55 | fs.writ ... value") | a file system access |
| control-api/src/routes/external/d33.ts:57:3:57:55 | require ... cErrors | This route handler performs $@, but is not rate-limited. | control-api/src/middleware/externalSessionAuth.ts:44:3:44:9 | login() | authorization |
| control-api/src/routes/external/d33.ts:59:54:59:66 | protectedWork | This route handler performs $@, but is not rate-limited. | control-api/src/routes/external/d33.ts:13:3:13:55 | fs.writ ... value") | a file system access |
| control-api/src/routes/external/d33.ts:69:3:69:20 | requireWrongStageA | This route handler performs $@, but is not rate-limited. | control-api/src/middleware/unrelatedMiddleware.ts:12:3:12:9 | login() | authorization |
| control-api/src/routes/external/d33.ts:95:3:95:58 | asyncHa ... Errors) | This route handler performs $@, but is not rate-limited. | control-api/src/middleware/externalSessionAuth.ts:53:3:53:9 | login() | authorization |
| control-api/src/routes/external/d33.ts:96:3:96:34 | asyncHa ... ncWork) | This route handler performs $@, but is not rate-limited. | control-api/src/routes/external/d33.ts:78:3:78:61 | fs.writ ... value") | a file system access |
| control-api/src/routes/external/d33.ts:103:3:103:55 | require ... cErrors | This route handler performs $@, but is not rate-limited. | control-api/src/middleware/externalSessionAuth.ts:44:3:44:9 | login() | authorization |
| control-api/src/routes/external/d33.ts:104:3:104:34 | asyncHa ... ncWork) | This route handler performs $@, but is not rate-limited. | control-api/src/routes/external/d33.ts:78:3:78:61 | fs.writ ... value") | a file system access |
| control-api/src/routes/external/d33.ts:110:3:110:55 | require ... cErrors | This route handler performs $@, but is not rate-limited. | control-api/src/middleware/externalSessionAuth.ts:44:3:44:9 | login() | authorization |
| control-api/src/routes/external/d33.ts:111:3:111:34 | asyncHa ... ncWork) | This route handler performs $@, but is not rate-limited. | control-api/src/routes/external/d33.ts:78:3:78:61 | fs.writ ... value") | a file system access |
| control-api/src/routes/external/d33.ts:122:3:122:55 | require ... cErrors | This route handler performs $@, but is not rate-limited. | control-api/src/middleware/externalSessionAuth.ts:44:3:44:9 | login() | authorization |
| control-api/src/routes/external/d33.ts:126:3:126:34 | asyncHa ... ncWork) | This route handler performs $@, but is not rate-limited. | control-api/src/routes/external/d33.ts:78:3:78:61 | fs.writ ... value") | a file system access |
| control-api/src/routes/external/d33.ts:137:3:137:20 | requireWrongStageA | This route handler performs $@, but is not rate-limited. | control-api/src/middleware/unrelatedMiddleware.ts:12:3:12:9 | login() | authorization |
| control-api/src/routes/external/d33.ts:145:3:145:50 | require ... cErrors | This route handler performs $@, but is not rate-limited. | control-api/src/middleware/externalSessionAuth.ts:19:3:19:9 | login() | authorization |
| control-api/src/routes/external/d33.ts:153:3:153:64 | asyncHa ... Errors) | This route handler performs $@, but is not rate-limited. | control-api/src/middleware/externalSessionAuth.ts:19:3:19:9 | login() | authorization |
| control-api/src/routes/external/modeling.ts:44:52:44:66 | unprotectedWork | This route handler performs $@, but is not rate-limited. | control-api/src/routes/external/modeling.ts:14:3:14:63 | fs.writ ... value") | a file system access |
| control-api/src/routes/external/modeling.ts:48:3:48:18 | orderedWrongWork | This route handler performs $@, but is not rate-limited. | control-api/src/routes/external/modeling.ts:19:3:19:65 | fs.writ ... value") | a file system access |
| control-api/src/routes/external/modeling.ts:52:50:52:62 | unrelatedWork | This route handler performs $@, but is not rate-limited. | control-api/src/routes/external/modeling.ts:24:3:24:61 | fs.writ ... value") | a file system access |
| control-api/src/routes/external/modeling.ts:73:54:73:72 | reassignedAliasWork | This route handler performs $@, but is not rate-limited. | control-api/src/routes/external/modeling.ts:34:3:34:68 | fs.writ ... value") | a file system access |
| control-api/src/routes/internal/checkpoint.ts:14:3:17:3 | (_req,  ... 4);\\n  } | This route handler performs $@, but is not rate-limited. | control-api/src/routes/internal/checkpoint.ts:15:5:15:75 | fs.writ ... ected") | a file system access |
| control-api/src/routes/internal/oauth.ts:24:3:28:3 | (_req,  ... 4);\\n  } | This route handler performs $@, but is not rate-limited. | control-api/src/routes/internal/oauth.ts:25:5:25:70 | fs.writ ... ected") | a file system access |
| mcp-host/src/server.ts:18:3:21:3 | (_req,  ... 4);\\n  } | This route handler performs $@, but is not rate-limited. | mcp-host/src/server.ts:19:5:19:73 | fs.writ ... ected") | a file system access |
| rpc-proxy/src/routes/pr2.ts:18:34:18:47 | requireRpcAuth | This route handler performs $@, but is not rate-limited. | rpc-proxy/src/middleware/auth.ts:8:3:8:62 | fs.writ ... ecked") | a file system access |
| rpc-proxy/src/routes/pr2.ts:18:34:18:47 | requireRpcAuth | This route handler performs $@, but is not rate-limited. | rpc-proxy/src/middleware/auth.ts:10:24:10:56 | verifyU ... .token) | authorization |
| rpc-proxy/src/routes/pr2.ts:18:34:18:47 | requireRpcAuth | This route handler performs $@, but is not rate-limited. | rpc-proxy/src/middleware/auth.ts:19:18:19:42 | verifyR ... .token) | authorization |
| rpc-proxy/src/routes/pr2.ts:18:50:21:1 | (_req,  ... 204);\\n} | This route handler performs $@, but is not rate-limited. | rpc-proxy/src/routes/pr2.ts:19:3:19:69 | fs.writ ... ected") | a file system access |
| rpc-proxy/src/routes/pr2.ts:26:3:26:35 | require ... nvoke") | This route handler performs $@, but is not rate-limited. | rpc-proxy/src/middleware/auth.ts:29:5:29:65 | fs.writ ... ecked") | a file system access |
| rpc-proxy/src/routes/pr2.ts:26:3:26:35 | require ... nvoke") | This route handler performs $@, but is not rate-limited. | rpc-proxy/src/middleware/auth.ts:31:12:31:50 | authori ... , next) | authorization |
| rpc-proxy/src/routes/pr2.ts:27:3:30:3 | (_req,  ... 4);\\n  } | This route handler performs $@, but is not rate-limited. | rpc-proxy/src/routes/pr2.ts:28:5:28:71 | fs.writ ... ected") | a file system access |
| rpc-proxy/src/routes/pr2.ts:33:31:36:1 | (_req,  ... 204);\\n} | This route handler performs $@, but is not rate-limited. | rpc-proxy/src/routes/pr2.ts:34:3:34:66 | fs.writ ... ected") | a file system access |
| rpc-proxy/src/routes/pr2.ts:40:3:40:16 | requireRpcAuth | This route handler performs $@, but is not rate-limited. | rpc-proxy/src/middleware/auth.ts:8:3:8:62 | fs.writ ... ecked") | a file system access |
| rpc-proxy/src/routes/pr2.ts:40:3:40:16 | requireRpcAuth | This route handler performs $@, but is not rate-limited. | rpc-proxy/src/middleware/auth.ts:10:24:10:56 | verifyU ... .token) | authorization |
| rpc-proxy/src/routes/pr2.ts:40:3:40:16 | requireRpcAuth | This route handler performs $@, but is not rate-limited. | rpc-proxy/src/middleware/auth.ts:19:18:19:42 | verifyR ... .token) | authorization |
| rpc-proxy/src/routes/pr2.ts:41:3:41:35 | require ... nvoke") | This route handler performs $@, but is not rate-limited. | rpc-proxy/src/middleware/auth.ts:29:5:29:65 | fs.writ ... ecked") | a file system access |
| rpc-proxy/src/routes/pr2.ts:41:3:41:35 | require ... nvoke") | This route handler performs $@, but is not rate-limited. | rpc-proxy/src/middleware/auth.ts:31:12:31:50 | authori ... , next) | authorization |
| rpc-proxy/src/routes/pr2.ts:42:3:45:3 | (_req,  ... 4);\\n  } | This route handler performs $@, but is not rate-limited. | rpc-proxy/src/routes/pr2.ts:43:5:43:77 | fs.writ ... ected") | a file system access |
| rpc-proxy/src/routes/pr2.ts:50:3:50:16 | requireRpcAuth | This route handler performs $@, but is not rate-limited. | rpc-proxy/src/middleware/auth.ts:8:3:8:62 | fs.writ ... ecked") | a file system access |
| rpc-proxy/src/routes/pr2.ts:50:3:50:16 | requireRpcAuth | This route handler performs $@, but is not rate-limited. | rpc-proxy/src/middleware/auth.ts:10:24:10:56 | verifyU ... .token) | authorization |
| rpc-proxy/src/routes/pr2.ts:50:3:50:16 | requireRpcAuth | This route handler performs $@, but is not rate-limited. | rpc-proxy/src/middleware/auth.ts:19:18:19:42 | verifyR ... .token) | authorization |
| rpc-proxy/src/routes/pr2.ts:51:3:51:35 | require ... nvoke") | This route handler performs $@, but is not rate-limited. | rpc-proxy/src/middleware/auth.ts:29:5:29:65 | fs.writ ... ecked") | a file system access |
| rpc-proxy/src/routes/pr2.ts:51:3:51:35 | require ... nvoke") | This route handler performs $@, but is not rate-limited. | rpc-proxy/src/middleware/auth.ts:31:12:31:50 | authori ... , next) | authorization |
| rpc-proxy/src/routes/pr2.ts:52:3:55:3 | (_req,  ... 4);\\n  } | This route handler performs $@, but is not rate-limited. | rpc-proxy/src/routes/pr2.ts:53:5:53:74 | fs.writ ... ected") | a file system access |
| rpc-proxy/src/routes/pr2.ts:60:3:60:16 | requireRpcAuth | This route handler performs $@, but is not rate-limited. | rpc-proxy/src/middleware/auth.ts:8:3:8:62 | fs.writ ... ecked") | a file system access |
| rpc-proxy/src/routes/pr2.ts:60:3:60:16 | requireRpcAuth | This route handler performs $@, but is not rate-limited. | rpc-proxy/src/middleware/auth.ts:10:24:10:56 | verifyU ... .token) | authorization |
| rpc-proxy/src/routes/pr2.ts:60:3:60:16 | requireRpcAuth | This route handler performs $@, but is not rate-limited. | rpc-proxy/src/middleware/auth.ts:19:18:19:42 | verifyR ... .token) | authorization |
| rpc-proxy/src/routes/pr2.ts:61:3:61:35 | require ... nvoke") | This route handler performs $@, but is not rate-limited. | rpc-proxy/src/middleware/auth.ts:29:5:29:65 | fs.writ ... ecked") | a file system access |
| rpc-proxy/src/routes/pr2.ts:61:3:61:35 | require ... nvoke") | This route handler performs $@, but is not rate-limited. | rpc-proxy/src/middleware/auth.ts:31:12:31:50 | authori ... , next) | authorization |
| rpc-proxy/src/routes/pr2.ts:62:3:65:3 | (_req,  ... 4);\\n  } | This route handler performs $@, but is not rate-limited. | rpc-proxy/src/routes/pr2.ts:63:5:63:74 | fs.writ ... ected") | a file system access |
| rpc-proxy/src/routes/pr2.ts:70:3:73:3 | (_req,  ... 4);\\n  } | This route handler performs $@, but is not rate-limited. | rpc-proxy/src/routes/pr2.ts:71:5:71:73 | fs.writ ... ected") | a file system access |
| rpc-proxy/src/routes/pr2.ts:74:3:74:16 | requireRpcAuth | This route handler performs $@, but is not rate-limited. | rpc-proxy/src/middleware/auth.ts:8:3:8:62 | fs.writ ... ecked") | a file system access |
| rpc-proxy/src/routes/pr2.ts:74:3:74:16 | requireRpcAuth | This route handler performs $@, but is not rate-limited. | rpc-proxy/src/middleware/auth.ts:10:24:10:56 | verifyU ... .token) | authorization |
| rpc-proxy/src/routes/pr2.ts:74:3:74:16 | requireRpcAuth | This route handler performs $@, but is not rate-limited. | rpc-proxy/src/middleware/auth.ts:19:18:19:42 | verifyR ... .token) | authorization |
| rpc-proxy/src/routes/pr2.ts:75:3:75:35 | require ... nvoke") | This route handler performs $@, but is not rate-limited. | rpc-proxy/src/middleware/auth.ts:29:5:29:65 | fs.writ ... ecked") | a file system access |
| rpc-proxy/src/routes/pr2.ts:75:3:75:35 | require ... nvoke") | This route handler performs $@, but is not rate-limited. | rpc-proxy/src/middleware/auth.ts:31:12:31:50 | authori ... , next) | authorization |
| workspace-files-controller/src/routes/files.ts:19:48:23:3 | async ( ... 4);\\n  } | This route handler performs $@, but is not rate-limited. | workspace-files-controller/src/routes/files.ts:21:5:21:74 | fs.writ ... ected") | a file system access |
| workspace-files-controller/src/routes/files.ts:25:14:25:42 | authMid ... rifier) | This route handler performs $@, but is not rate-limited. | workspace-files-controller/src/routes/files.ts:6:11:6:60 | verifie ... tion")) | authorization |
| workspace-files-controller/src/routes/files.ts:33:54:37:3 | async ( ... 4);\\n  } | This route handler performs $@, but is not rate-limited. | workspace-files-controller/src/routes/files.ts:34:5:34:80 | fs.writ ... ected") | a file system access |
