| control-api/src/routes/external/composition.ts:19:3:19:66 | require ... ted" }) | This route handler performs $@, but is not rate-limited. | control-api/src/middleware/externalSessionAuth.ts:25:5:25:11 | login() | authorization |
| control-api/src/routes/external/composition.ts:35:39:35:70 | require ... onToken | This route handler performs $@, but is not rate-limited. | control-api/src/middleware/externalSessionAuth.ts:10:3:10:9 | login() | authorization |
| control-api/src/routes/external/composition.ts:60:3:60:50 | require ... cErrors | This route handler performs $@, but is not rate-limited. | control-api/src/middleware/externalSessionAuth.ts:19:3:19:9 | login() | authorization |
| control-api/src/routes/external/composition.ts:67:55:67:75 | incompl ... otected | This route handler performs $@, but is not rate-limited. | control-api/src/routes/external/composition.ts:53:3:53:74 | fs.writ ... value") | a file system access |
| control-api/src/routes/external/composition.ts:75:29:75:60 | require ... onToken | This route handler performs $@, but is not rate-limited. | control-api/src/middleware/externalSessionAuth.ts:10:3:10:9 | login() | authorization |
| control-api/src/routes/external/composition.ts:88:38:88:69 | require ... onToken | This route handler performs $@, but is not rate-limited. | control-api/src/middleware/externalSessionAuth.ts:10:3:10:9 | login() | authorization |
| control-api/src/routes/external/composition.ts:89:38:89:51 | lateGlobalWork | This route handler performs $@, but is not rate-limited. | control-api/src/routes/external/composition.ts:83:3:83:63 | fs.writ ... value") | a file system access |
| control-api/src/routes/external/composition.ts:105:3:105:31 | require ... amMatch | This route handler performs $@, but is not rate-limited. | control-api/src/middleware/externalSessionAuth.ts:35:3:35:62 | fs.writ ... value') | a file system access |
| control-api/src/routes/external/composition.ts:116:39:116:70 | require ... onToken | This route handler performs $@, but is not rate-limited. | control-api/src/middleware/externalSessionAuth.ts:10:3:10:9 | login() | authorization |
| control-api/src/routes/external/composition.ts:131:3:131:34 | require ... onToken | This route handler performs $@, but is not rate-limited. | control-api/src/middleware/externalSessionAuth.ts:10:3:10:9 | login() | authorization |
| control-api/src/routes/external/composition.ts:132:3:132:19 | lateSameRouteWork | This route handler performs $@, but is not rate-limited. | control-api/src/routes/external/composition.ts:124:3:124:67 | fs.writ ... value") | a file system access |
| control-api/src/routes/external/composition.ts:142:36:142:67 | require ... onToken | This route handler performs $@, but is not rate-limited. | control-api/src/middleware/externalSessionAuth.ts:10:3:10:9 | login() | authorization |
| control-api/src/routes/external/composition.ts:145:3:145:15 | lateChildWork | This route handler performs $@, but is not rate-limited. | control-api/src/routes/external/composition.ts:137:3:137:62 | fs.writ ... value") | a file system access |
| control-api/src/routes/external/composition.ts:165:39:165:59 | nestedU ... tedWork | This route handler performs $@, but is not rate-limited. | control-api/src/routes/external/composition.ts:155:3:155:70 | fs.writ ... value") | a file system access |
| control-api/src/routes/external/composition.ts:168:42:168:73 | require ... onToken | This route handler performs $@, but is not rate-limited. | control-api/src/middleware/externalSessionAuth.ts:10:3:10:9 | login() | authorization |
| control-api/src/routes/external/composition.ts:172:35:172:66 | require ... onToken | This route handler performs $@, but is not rate-limited. | control-api/src/middleware/externalSessionAuth.ts:10:3:10:9 | login() | authorization |
| control-api/src/routes/external/modeling.ts:44:52:44:66 | unprotectedWork | This route handler performs $@, but is not rate-limited. | control-api/src/routes/external/modeling.ts:14:3:14:63 | fs.writ ... value") | a file system access |
| control-api/src/routes/external/modeling.ts:48:3:48:18 | orderedWrongWork | This route handler performs $@, but is not rate-limited. | control-api/src/routes/external/modeling.ts:19:3:19:65 | fs.writ ... value") | a file system access |
| control-api/src/routes/external/modeling.ts:52:50:52:62 | unrelatedWork | This route handler performs $@, but is not rate-limited. | control-api/src/routes/external/modeling.ts:24:3:24:61 | fs.writ ... value") | a file system access |
| control-api/src/routes/external/modeling.ts:73:54:73:72 | reassignedAliasWork | This route handler performs $@, but is not rate-limited. | control-api/src/routes/external/modeling.ts:34:3:34:68 | fs.writ ... value") | a file system access |
| rpc-proxy/src/routes/artifacts.ts:26:3:26:16 | requireRpcAuth | This route handler performs $@, but is not rate-limited. | rpc-proxy/src/middleware/auth.ts:8:3:8:62 | fs.writ ... ecked") | a file system access |
| rpc-proxy/src/routes/artifacts.ts:26:3:26:16 | requireRpcAuth | This route handler performs $@, but is not rate-limited. | rpc-proxy/src/middleware/auth.ts:10:24:10:56 | verifyU ... .token) | authorization |
| rpc-proxy/src/routes/artifacts.ts:26:3:26:16 | requireRpcAuth | This route handler performs $@, but is not rate-limited. | rpc-proxy/src/middleware/auth.ts:19:18:19:42 | verifyR ... .token) | authorization |
| rpc-proxy/src/routes/artifacts.ts:27:3:27:32 | require ... :read") | This route handler performs $@, but is not rate-limited. | rpc-proxy/src/middleware/auth.ts:29:5:29:65 | fs.writ ... ecked") | a file system access |
| rpc-proxy/src/routes/artifacts.ts:27:3:27:32 | require ... :read") | This route handler performs $@, but is not rate-limited. | rpc-proxy/src/middleware/auth.ts:31:12:31:50 | authori ... , next) | authorization |
| rpc-proxy/src/routes/artifacts.ts:38:3:38:16 | requireRpcAuth | This route handler performs $@, but is not rate-limited. | rpc-proxy/src/middleware/auth.ts:8:3:8:62 | fs.writ ... ecked") | a file system access |
| rpc-proxy/src/routes/artifacts.ts:38:3:38:16 | requireRpcAuth | This route handler performs $@, but is not rate-limited. | rpc-proxy/src/middleware/auth.ts:10:24:10:56 | verifyU ... .token) | authorization |
| rpc-proxy/src/routes/artifacts.ts:38:3:38:16 | requireRpcAuth | This route handler performs $@, but is not rate-limited. | rpc-proxy/src/middleware/auth.ts:19:18:19:42 | verifyR ... .token) | authorization |
| rpc-proxy/src/routes/artifacts.ts:39:3:39:32 | require ... :read") | This route handler performs $@, but is not rate-limited. | rpc-proxy/src/middleware/auth.ts:29:5:29:65 | fs.writ ... ecked") | a file system access |
| rpc-proxy/src/routes/artifacts.ts:39:3:39:32 | require ... :read") | This route handler performs $@, but is not rate-limited. | rpc-proxy/src/middleware/auth.ts:31:12:31:50 | authori ... , next) | authorization |
| rpc-proxy/src/routes/artifacts.ts:41:3:44:3 | (_req,  ... 4);\\n  } | This route handler performs $@, but is not rate-limited. | rpc-proxy/src/routes/artifacts.ts:42:5:42:75 | fs.writ ... ected") | a file system access |
| rpc-proxy/src/routes/artifacts.ts:56:3:56:16 | requireRpcAuth | This route handler performs $@, but is not rate-limited. | rpc-proxy/src/middleware/auth.ts:8:3:8:62 | fs.writ ... ecked") | a file system access |
| rpc-proxy/src/routes/artifacts.ts:56:3:56:16 | requireRpcAuth | This route handler performs $@, but is not rate-limited. | rpc-proxy/src/middleware/auth.ts:10:24:10:56 | verifyU ... .token) | authorization |
| rpc-proxy/src/routes/artifacts.ts:56:3:56:16 | requireRpcAuth | This route handler performs $@, but is not rate-limited. | rpc-proxy/src/middleware/auth.ts:19:18:19:42 | verifyR ... .token) | authorization |
| rpc-proxy/src/routes/artifacts.ts:57:3:57:32 | require ... :read") | This route handler performs $@, but is not rate-limited. | rpc-proxy/src/middleware/auth.ts:29:5:29:65 | fs.writ ... ecked") | a file system access |
| rpc-proxy/src/routes/artifacts.ts:57:3:57:32 | require ... :read") | This route handler performs $@, but is not rate-limited. | rpc-proxy/src/middleware/auth.ts:31:12:31:50 | authori ... , next) | authorization |
| rpc-proxy/src/routes/artifacts.ts:69:3:69:16 | requireRpcAuth | This route handler performs $@, but is not rate-limited. | rpc-proxy/src/middleware/auth.ts:8:3:8:62 | fs.writ ... ecked") | a file system access |
| rpc-proxy/src/routes/artifacts.ts:69:3:69:16 | requireRpcAuth | This route handler performs $@, but is not rate-limited. | rpc-proxy/src/middleware/auth.ts:10:24:10:56 | verifyU ... .token) | authorization |
| rpc-proxy/src/routes/artifacts.ts:69:3:69:16 | requireRpcAuth | This route handler performs $@, but is not rate-limited. | rpc-proxy/src/middleware/auth.ts:19:18:19:42 | verifyR ... .token) | authorization |
| rpc-proxy/src/routes/artifacts.ts:70:3:70:32 | require ... :read") | This route handler performs $@, but is not rate-limited. | rpc-proxy/src/middleware/auth.ts:29:5:29:65 | fs.writ ... ecked") | a file system access |
| rpc-proxy/src/routes/artifacts.ts:70:3:70:32 | require ... :read") | This route handler performs $@, but is not rate-limited. | rpc-proxy/src/middleware/auth.ts:31:12:31:50 | authori ... , next) | authorization |
| rpc-proxy/src/routes/artifacts.ts:81:3:81:16 | requireRpcAuth | This route handler performs $@, but is not rate-limited. | rpc-proxy/src/middleware/auth.ts:8:3:8:62 | fs.writ ... ecked") | a file system access |
| rpc-proxy/src/routes/artifacts.ts:81:3:81:16 | requireRpcAuth | This route handler performs $@, but is not rate-limited. | rpc-proxy/src/middleware/auth.ts:10:24:10:56 | verifyU ... .token) | authorization |
| rpc-proxy/src/routes/artifacts.ts:81:3:81:16 | requireRpcAuth | This route handler performs $@, but is not rate-limited. | rpc-proxy/src/middleware/auth.ts:19:18:19:42 | verifyR ... .token) | authorization |
| rpc-proxy/src/routes/artifacts.ts:82:3:82:32 | require ... :read") | This route handler performs $@, but is not rate-limited. | rpc-proxy/src/middleware/auth.ts:29:5:29:65 | fs.writ ... ecked") | a file system access |
| rpc-proxy/src/routes/artifacts.ts:82:3:82:32 | require ... :read") | This route handler performs $@, but is not rate-limited. | rpc-proxy/src/middleware/auth.ts:31:12:31:50 | authori ... , next) | authorization |
| rpc-proxy/src/routes/artifacts.ts:84:3:87:3 | (_req,  ... 4);\\n  } | This route handler performs $@, but is not rate-limited. | rpc-proxy/src/routes/artifacts.ts:85:5:85:71 | fs.writ ... ected") | a file system access |
| rpc-proxy/src/routes/pr2.ts:39:46:39:60 | v2ViewAuthority | This route handler performs $@, but is not rate-limited. | rpc-proxy/src/routes/pr2.ts:18:3:18:81 | require ...  next)) | authorization |
| rpc-proxy/src/routes/pr2.ts:39:63:42:1 | (_req,  ... 204);\\n} | This route handler performs $@, but is not rate-limited. | rpc-proxy/src/routes/pr2.ts:40:3:40:71 | fs.writ ... ected") | a file system access |
